// Jest Snapshot v1, https://goo.gl/fbAQLP

exports[`QuizTest.vue Template should match snapshot 1`] = `
<div>
  <h2
    id="question-text"
  />
  <button
    id="select-true-answer"
  >
    Vrai
  </button>
  <button
    id="select-false-answer"
  >
    Faux
  </button>
</div>
`;
